== start Mon Sep  7 07:36:57 PM UTC 2026 HEAD ca687bb
`torch_dtype` is deprecated! Use `dtype` instead!
Loading checkpoint shards:   0%|                         | 0/2 [00:00<?, ?it/s]Loading checkpoint shards:  50%|████████▌        | 1/2 [00:19<00:19, 19.33s/it]Loading checkpoint shards: 100%|█████████████████| 2/2 [00:25<00:00, 11.47s/it]Loading checkpoint shards: 100%|█████████████████| 2/2 [00:25<00:00, 12.65s/it]
{"layer": 8, "kv_head": 0, "n_keys": 1024, "sigma_condition": 772.8767546092721, "sigma_effective_rank": 30.475256202121162, "Pt_effective_rank": [3.0811955117090752, 5.61155853952332, 2.905902849806777], "deficiency_over_own": {"8": 0.05348714577970061, "16": 0.03459139955400983, "32": 0.014485800584418314, "64": 0.002635708557046847}}
{"layer": 8, "kv_head": 1, "n_keys": 1024, "sigma_condition": 1935.687048515915, "sigma_effective_rank": 42.16472627375722, "Pt_effective_rank": [7.717727856706909, 5.955487928700897, 8.335411009735619], "deficiency_over_own": {"8": 0.07443655861941019, "16": 0.04564056466791712, "32": 0.0215342168251569, "64": 0.002162978446750124}}
{"layer": 8, "kv_head": 2, "n_keys": 1024, "sigma_condition": 6761.759495434573, "sigma_effective_rank": 22.45588685448712, "Pt_effective_rank": [4.572328404331756, 4.730198964578637, 4.091211129668013], "deficiency_over_own": {"8": 0.08374058691640289, "16": 0.0502231493947431, "32": 0.02095294628975586, "64": 0.0032253649963679696}}
{"layer": 8, "kv_head": 3, "n_keys": 1024, "sigma_condition": 741.6456698028755, "sigma_effective_rank": 46.38664660394382, "Pt_effective_rank": [6.443432851246671, 6.43776161718003, 7.287763817710152], "deficiency_over_own": {"8": 0.08038638484687607, "16": 0.05002889832488812, "32": 0.025439674189808994, "64": 0.004772908591287824}}
{"layer": 8, "kv_head": 4, "n_keys": 1024, "sigma_condition": 1405.7306931806208, "sigma_effective_rank": 34.347190424123426, "Pt_effective_rank": [5.162212960834941, 2.6642298577248247, 2.8841335558454584], "deficiency_over_own": {"8": 0.05028724788827304, "16": 0.03394398724380253, "32": 0.017024315184467047, "64": 0.0026231337744104075}}
{"layer": 8, "kv_head": 5, "n_keys": 1024, "sigma_condition": 1515.4615976261232, "sigma_effective_rank": 37.33755113568319, "Pt_effective_rank": [6.781441971810956, 6.426424142698013, 7.430546019205173], "deficiency_over_own": {"8": 0.07429709891405958, "16": 0.04783859646121315, "32": 0.01856411058853889, "64": 0.0011175879784010416}}
{"layer": 8, "kv_head": 6, "n_keys": 1024, "sigma_condition": 1022.9284061725548, "sigma_effective_rank": 28.6514804412284, "Pt_effective_rank": [3.391758886889513, 3.207350499235238, 3.292464660542138], "deficiency_over_own": {"8": 0.016750597550864763, "16": 0.014117703363734186, "32": 0.00882367148083246, "64": 0.002366642891740021}}
{"layer": 8, "kv_head": 7, "n_keys": 1024, "sigma_condition": 536.5380758671979, "sigma_effective_rank": 30.41764361591875, "Pt_effective_rank": [3.289973314764915, 4.009897449115626, 3.3767124153768227], "deficiency_over_own": {"8": 0.039941432151596255, "16": 0.029613150647148815, "32": 0.018518509103988084, "64": 0.0060644993180748496}}
{"layer": 16, "kv_head": 0, "n_keys": 1024, "sigma_condition": 1383.289073783152, "sigma_effective_rank": 40.990041154078845, "Pt_effective_rank": [5.514390007573449, 4.140971162095217, 5.961737701366444], "deficiency_over_own": {"8": 0.045967965092751875, "16": 0.04063075960692016, "32": 0.021432210416264117, "64": 0.003756149822865747}}
{"layer": 16, "kv_head": 1, "n_keys": 1024, "sigma_condition": 850.4237169904195, "sigma_effective_rank": 42.966685846874825, "Pt_effective_rank": [2.6788191476830736, 4.534486630639855, 5.983436284816496], "deficiency_over_own": {"8": 0.09299489406448283, "16": 0.056103488339427944, "32": 0.024479672476246914, "64": 0.004599192701125589}}
{"layer": 16, "kv_head": 2, "n_keys": 1024, "sigma_condition": 1245.105834112183, "sigma_effective_rank": 31.992644603175115, "Pt_effective_rank": [4.168158711975654, 3.745431665058098, 4.416532948266352], "deficiency_over_own": {"8": 0.05062897392970413, "16": 0.03817782598359811, "32": 0.019582443821810375, "64": 0.003954165485007428}}
{"layer": 16, "kv_head": 3, "n_keys": 1024, "sigma_condition": 2642.216095476351, "sigma_effective_rank": 33.43242373554085, "Pt_effective_rank": [4.501270191977655, 4.772840741344837, 5.01302436022491], "deficiency_over_own": {"8": 0.044372557536852666, "16": 0.033490904427726634, "32": 0.014328724381137286, "64": 0.0018670015179932324}}
{"layer": 16, "kv_head": 4, "n_keys": 1024, "sigma_condition": 1428.0699171534704, "sigma_effective_rank": 34.992572376542974, "Pt_effective_rank": [5.962010207156989, 4.139428227550721, 4.941725925355099], "deficiency_over_own": {"8": 0.09505006267474016, "16": 0.05345818150405192, "32": 0.024604366916678378, "64": 0.005937573341648112}}
{"layer": 16, "kv_head": 5, "n_keys": 1024, "sigma_condition": 405.6524720938796, "sigma_effective_rank": 22.538250629755755, "Pt_effective_rank": [3.248037976130603, 3.2859180460523514, 3.0476212600221633], "deficiency_over_own": {"8": 0.03400031289537051, "16": 0.02114784773374866, "32": 0.011311781138293753, "64": 0.003020033724060804}}
{"layer": 16, "kv_head": 6, "n_keys": 1024, "sigma_condition": 588.5973139053795, "sigma_effective_rank": 43.59867691905462, "Pt_effective_rank": [3.222743660305236, 2.5773520514779165, 3.3668262151803665], "deficiency_over_own": {"8": 0.041568776127013145, "16": 0.020362300412761006, "32": 0.008204062326032989, "64": 0.0011633217510692892}}
{"layer": 16, "kv_head": 7, "n_keys": 1024, "sigma_condition": 1153.5215455557886, "sigma_effective_rank": 27.560289594854243, "Pt_effective_rank": [5.430673060328597, 3.6853510094708355, 3.7399680168514116], "deficiency_over_own": {"8": 0.048398323262388555, "16": 0.027964522418222136, "32": 0.010480906372183926, "64": 0.0018881360190287197}}
{"cells_with_bound_over_5pct_at_k16": 4, "n_cells": 16, "bar": 12}
== exit 0 Mon Sep  7 09:00:21 PM UTC 2026
== PROBE_DONE rc=0
