== start Tue Sep  8 12:50:58 AM UTC 2026 HEAD 083e848 seal d6d1c44fcd8454f749bd204e914b02059b8e658f
`torch_dtype` is deprecated! Use `dtype` instead!
Loading checkpoint shards:   0%|                         | 0/2 [00:00<?, ?it/s]Loading checkpoint shards:  50%|████████▌        | 1/2 [00:01<00:01,  1.05s/it]Loading checkpoint shards: 100%|█████████████████| 2/2 [00:01<00:00,  1.62it/s]Loading checkpoint shards: 100%|█████████████████| 2/2 [00:01<00:00,  1.46it/s]
{"layer": 8, "kv_head": 0, "k": 2, "eps": 0.02, "bound": 0.00886121970018855, "compromise_measured_total": 0.0038746311067023856, "measured_min_total_code": "compromise", "own_excess": [0.0, 0.0, 0.006], "ratio_median": 1.3143117948577467}
{"layer": 8, "kv_head": 0, "k": 2, "eps": 0.05, "bound": 0.00886121970018855, "compromise_measured_total": 0.0038946713838456286, "measured_min_total_code": "compromise", "own_excess": [0.0, 0.0, 0.006], "ratio_median": 1.3226695536678519}
{"layer": 8, "kv_head": 0, "k": 2, "eps": 0.1, "bound": 0.00886121970018855, "compromise_measured_total": 0.003966325378193017, "measured_min_total_code": "compromise", "own_excess": [0.0, 0.0, 0.006], "ratio_median": 1.3525309492101674}
{"layer": 8, "kv_head": 0, "k": 2, "eps": 0.2, "bound": 0.00886121970018855, "compromise_measured_total": 0.004253994407507431, "measured_min_total_code": "compromise", "own_excess": [0.0, 0.0, 0.007], "ratio_median": 1.471469128008595}
{"layer": 8, "kv_head": 0, "k": 4, "eps": 0.02, "bound": 0.013366440819078076, "compromise_measured_total": 0.007416021093777138, "measured_min_total_code": "compromise", "own_excess": [0.0, 0.0, 0.0], "ratio_median": 1.2799510493599486}
{"layer": 8, "kv_head": 0, "k": 4, "eps": 0.05, "bound": 0.013366440819078076, "compromise_measured_total": 0.007431903666266796, "measured_min_total_code": "compromise", "own_excess": [0.0, 0.0, 0.0], "ratio_median": 1.2870112383325}
{"layer": 8, "kv_head": 0, "k": 4, "eps": 0.1, "bound": 0.013366440819078076, "compromise_measured_total": 0.007488957442226788, "measured_min_total_code": "compromise", "own_excess": [0.0, 0.0, 0.0], "ratio_median": 1.3122274354638277}
{"layer": 8, "kv_head": 0, "k": 4, "eps": 0.2, "bound": 0.013366440819078076, "compromise_measured_total": 0.0077223727518228175, "measured_min_total_code": "compromise", "own_excess": [0.0, 0.0, 0.0], "ratio_median": 1.4171475385454948}
{"layer": 8, "kv_head": 0, "k": 8, "eps": 0.02, "bound": 0.00796699738937054, "compromise_measured_total": 0.006715247833735048, "measured_min_total_code": "compromise", "own_excess": [0.0, 0.0, 0.0], "ratio_median": 1.1406808557663854}
{"layer": 8, "kv_head": 0, "k": 8, "eps": 0.05, "bound": 0.00796699738937054, "compromise_measured_total": 0.006722012473452713, "measured_min_total_code": "compromise", "own_excess": [0.0, 0.0, 0.0], "ratio_median": 1.1472845963326932}
{"layer": 8, "kv_head": 0, "k": 8, "eps": 0.1, "bound": 0.00796699738937054, "compromise_measured_total": 0.006746201595281559, "measured_min_total_code": "compromise", "own_excess": [0.0, 0.0, 0.0], "ratio_median": 1.1708752090047203}
{"layer": 8, "kv_head": 0, "k": 8, "eps": 0.2, "bound": 0.00796699738937054, "compromise_measured_total": 0.006843421683555938, "measured_min_total_code": "compromise", "own_excess": [0.0, 0.0, 0.0], "ratio_median": 1.2648664752962238}
{"layer": 8, "kv_head": 1, "k": 2, "eps": 0.02, "bound": 0.00285515660272187, "compromise_measured_total": -0.0005170064662523288, "measured_min_total_code": "compromise", "own_excess": [0.148, 0.0, 0.0], "ratio_median": 1.0454777026700683}
{"layer": 8, "kv_head": 1, "k": 2, "eps": 0.05, "bound": 0.00285515660272187, "compromise_measured_total": -0.0005188402868081489, "measured_min_total_code": "compromise", "own_excess": [0.148, 0.0, 0.0], "ratio_median": 1.047581608213509}
{"layer": 8, "kv_head": 1, "k": 2, "eps": 0.1, "bound": 0.00285515660272187, "compromise_measured_total": -0.0005254036042328112, "measured_min_total_code": "compromise", "own_excess": [0.148, 0.0, 0.0], "ratio_median": 1.0551166722691914}
{"layer": 8, "kv_head": 1, "k": 2, "eps": 0.2, "bound": 0.00285515660272187, "compromise_measured_total": -0.0005518745768799994, "measured_min_total_code": "compromise", "own_excess": [0.148, 0.0, 0.0], "ratio_median": 1.084272697882354}
{"layer": 8, "kv_head": 1, "k": 4, "eps": 0.02, "bound": 0.003642436969827984, "compromise_measured_total": 0.00021429310182402572, "measured_min_total_code": "compromise", "own_excess": [0.0, 0.173, 0.0], "ratio_median": 1.0837254731424566}
{"layer": 8, "kv_head": 1, "k": 4, "eps": 0.05, "bound": 0.003642436969827984, "compromise_measured_total": 0.00021292110184152006, "measured_min_total_code": "compromise", "own_excess": [0.0, 0.173, 0.0], "ratio_median": 1.0859286549035547}
{"layer": 8, "kv_head": 1, "k": 4, "eps": 0.1, "bound": 0.003642436969827984, "compromise_measured_total": 0.00020803583702409898, "measured_min_total_code": "compromise", "own_excess": [0.0, 0.175, 0.0], "ratio_median": 1.0938168455036297}
{"layer": 8, "kv_head": 1, "k": 4, "eps": 0.2, "bound": 0.003642436969827984, "compromise_measured_total": 0.00018872920901141354, "measured_min_total_code": "compromise", "own_excess": [0.0, 0.181, 0.0], "ratio_median": 1.124771474505275}
{"layer": 8, "kv_head": 1, "k": 8, "eps": 0.02, "bound": 0.0030954108361851487, "compromise_measured_total": 0.00450735259668758, "measured_min_total_code": "compromise", "own_excess": [0.0, 0.0, 0.0], "ratio_median": 1.0604359165395671}
{"layer": 8, "kv_head": 1, "k": 8, "eps": 0.05, "bound": 0.0030954108361851487, "compromise_measured_total": 0.004513356342013249, "measured_min_total_code": "compromise", "own_excess": [0.0, 0.0, 0.0], "ratio_median": 1.0616178448779268}
{"layer": 8, "kv_head": 1, "k": 8, "eps": 0.1, "bound": 0.0030954108361851487, "compromise_measured_total": 0.004534833693831458, "measured_min_total_code": "compromise", "own_excess": [0.0, 0.0, 0.0], "ratio_median": 1.0658459198783614}
{"layer": 8, "kv_head": 1, "k": 8, "eps": 0.2, "bound": 0.0030954108361851487, "compromise_measured_total": 0.004621292309914047, "measured_min_total_code": "compromise", "own_excess": [0.0, 0.0, 0.0], "ratio_median": 1.0828664111448991}
{"layer": 8, "kv_head": 2, "k": 2, "eps": 0.02, "bound": 0.007416334830892761, "compromise_measured_total": 0.007038119906924354, "measured_min_total_code": "own_0", "own_excess": [0.0, 0.0, 0.001], "ratio_median": 0.920290520847512}
{"layer": 8, "kv_head": 2, "k": 2, "eps": 0.05, "bound": 0.007416334830892761, "compromise_measured_total": 0.007061091249807206, "measured_min_total_code": "own_0", "own_excess": [0.0, 0.0, 0.002], "ratio_median": 0.9240183042687843}
{"layer": 8, "kv_head": 2, "k": 2, "eps": 0.1, "bound": 0.007416334830892761, "compromise_measured_total": 0.0071434589053193925, "measured_min_total_code": "own_0", "own_excess": [0.0, 0.0, 0.002], "ratio_median": 0.9340105993788537}
{"layer": 8, "kv_head": 2, "k": 2, "eps": 0.2, "bound": 0.007416334830892761, "compromise_measured_total": 0.007477998355702797, "measured_min_total_code": "own_0", "own_excess": [0.0, 0.0, 0.005], "ratio_median": 0.9811845759674158}
{"layer": 8, "kv_head": 2, "k": 4, "eps": 0.02, "bound": 0.005836962427601677, "compromise_measured_total": 0.00434678510039272, "measured_min_total_code": "own_0", "own_excess": [0.0, 0.0, 0.0], "ratio_median": 0.9268716825087218}
{"layer": 8, "kv_head": 2, "k": 4, "eps": 0.05, "bound": 0.005836962427601677, "compromise_measured_total": 0.004346611379063087, "measured_min_total_code": "own_0", "own_excess": [0.0, 0.0, 0.0], "ratio_median": 0.9303957422833469}
{"layer": 8, "kv_head": 2, "k": 4, "eps": 0.1, "bound": 0.005836962427601677, "compromise_measured_total": 0.004345860950944321, "measured_min_total_code": "own_0", "own_excess": [0.0, 0.0, 0.0], "ratio_median": 0.9393233651686527}
{"layer": 8, "kv_head": 2, "k": 4, "eps": 0.2, "bound": 0.005836962427601677, "compromise_measured_total": 0.0043408700870843035, "measured_min_total_code": "own_0", "own_excess": [0.0, 0.0, 0.0], "ratio_median": 0.968361830274685}
{"layer": 8, "kv_head": 2, "k": 8, "eps": 0.02, "bound": 0.005173540157873843, "compromise_measured_total": 0.00473663481448388, "measured_min_total_code": "compromise", "own_excess": [0.0, 0.0, 0.0], "ratio_median": 0.9248388544996993}
{"layer": 8, "kv_head": 2, "k": 8, "eps": 0.05, "bound": 0.005173540157873843, "compromise_measured_total": 0.00475104451302916, "measured_min_total_code": "compromise", "own_excess": [0.0, 0.0, 0.0], "ratio_median": 0.9261046646789096}
{"layer": 8, "kv_head": 2, "k": 8, "eps": 0.1, "bound": 0.005173540157873843, "compromise_measured_total": 0.0048028447278334815, "measured_min_total_code": "compromise", "own_excess": [0.0, 0.0, 0.0], "ratio_median": 0.9317638357573086}
{"layer": 8, "kv_head": 2, "k": 8, "eps": 0.2, "bound": 0.005173540157873843, "compromise_measured_total": 0.005015188004417389, "measured_min_total_code": "compromise", "own_excess": [0.0, 0.0, 0.0], "ratio_median": 0.9770061065732438}
{"layer": 8, "kv_head": 3, "k": 2, "eps": 0.02, "bound": 0.0036102560233544218, "compromise_measured_total": -0.002844867919883705, "measured_min_total_code": "compromise", "own_excess": [0.087, 0.032, 0.246], "ratio_median": 0.7252207376149371}
{"layer": 8, "kv_head": 3, "k": 2, "eps": 0.05, "bound": 0.0036102560233544218, "compromise_measured_total": -0.002858892647296168, "measured_min_total_code": "compromise", "own_excess": [0.086, 0.032, 0.247], "ratio_median": 0.7261303287364727}
{"layer": 8, "kv_head": 3, "k": 2, "eps": 0.1, "bound": 0.0036102560233544218, "compromise_measured_total": -0.0029089514202083454, "measured_min_total_code": "compromise", "own_excess": [0.085, 0.032, 0.249], "ratio_median": 0.7293885147463841}
{"layer": 8, "kv_head": 3, "k": 2, "eps": 0.2, "bound": 0.0036102560233544218, "compromise_measured_total": -0.0031086635056991885, "measured_min_total_code": "compromise", "own_excess": [0.081, 0.032, 0.256], "ratio_median": 0.7456198146012136}
{"layer": 8, "kv_head": 3, "k": 4, "eps": 0.02, "bound": 0.0036750367770702133, "compromise_measured_total": 0.0037843075950843826, "measured_min_total_code": "own_2", "own_excess": [0.0, 0.0, 0.0], "ratio_median": 0.7553509470269444}
{"layer": 8, "kv_head": 3, "k": 4, "eps": 0.05, "bound": 0.0036750367770702133, "compromise_measured_total": 0.003786758694232827, "measured_min_total_code": "own_2", "own_excess": [0.0, 0.0, 0.0], "ratio_median": 0.7564242314312677}
{"layer": 8, "kv_head": 3, "k": 4, "eps": 0.1, "bound": 0.0036750367770702133, "compromise_measured_total": 0.003795534619375312, "measured_min_total_code": "own_2", "own_excess": [0.0, 0.0, 0.0], "ratio_median": 0.7602669791875083}
{"layer": 8, "kv_head": 3, "k": 4, "eps": 0.2, "bound": 0.0036750367770702133, "compromise_measured_total": 0.0038309800957354962, "measured_min_total_code": "own_2", "own_excess": [0.0, 0.0, 0.0], "ratio_median": 0.7757887516138602}
{"layer": 8, "kv_head": 3, "k": 8, "eps": 0.02, "bound": 0.0040650934551691095, "compromise_measured_total": 0.0034082041668278768, "measured_min_total_code": "compromise", "own_excess": [0.0, 0.0, 0.0], "ratio_median": 0.8047568582326261}
{"layer": 8, "kv_head": 3, "k": 8, "eps": 0.05, "bound": 0.0040650934551691095, "compromise_measured_total": 0.0034097324468343355, "measured_min_total_code": "compromise", "own_excess": [0.0, 0.0, 0.0], "ratio_median": 0.8059360348461635}
{"layer": 8, "kv_head": 3, "k": 8, "eps": 0.1, "bound": 0.0040650934551691095, "compromise_measured_total": 0.0034151888477506266, "measured_min_total_code": "compromise", "own_excess": [0.0, 0.0, 0.0], "ratio_median": 0.8101561059358862}
{"layer": 8, "kv_head": 3, "k": 8, "eps": 0.2, "bound": 0.0040650934551691095, "compromise_measured_total": 0.003436988014189287, "measured_min_total_code": "compromise", "own_excess": [0.0, 0.0, 0.0], "ratio_median": 0.8256263043411264}
{"layer": 8, "kv_head": 4, "k": 2, "eps": 0.02, "bound": 0.006411690762005429, "compromise_measured_total": 0.009634769917233034, "measured_min_total_code": "compromise", "own_excess": [0.0, 0.0, 0.015], "ratio_median": 1.220108518969206}
{"layer": 8, "kv_head": 4, "k": 2, "eps": 0.05, "bound": 0.006411690762005429, "compromise_measured_total": 0.009649443701269574, "measured_min_total_code": "compromise", "own_excess": [0.0, 0.0, 0.015], "ratio_median": 1.222581555805644}
{"layer": 8, "kv_head": 4, "k": 2, "eps": 0.1, "bound": 0.006411690762005429, "compromise_measured_total": 0.00970190683995055, "measured_min_total_code": "compromise", "own_excess": [0.0, 0.0, 0.016], "ratio_median": 1.2293470795422843}
{"layer": 8, "kv_head": 4, "k": 2, "eps": 0.2, "bound": 0.006411690762005429, "compromise_measured_total": 0.009912681129162392, "measured_min_total_code": "compromise", "own_excess": [0.0, 0.0, 0.018], "ratio_median": 1.2696532334891013}
{"layer": 8, "kv_head": 4, "k": 4, "eps": 0.02, "bound": 0.004087946894274351, "compromise_measured_total": 0.0070738143771942675, "measured_min_total_code": "compromise", "own_excess": [0.0, 0.0, 0.0], "ratio_median": 1.2069549347632598}
{"layer": 8, "kv_head": 4, "k": 4, "eps": 0.05, "bound": 0.004087946894274351, "compromise_measured_total": 0.007077550498070995, "measured_min_total_code": "compromise", "own_excess": [0.0, 0.0, 0.0], "ratio_median": 1.2097093147696185}
{"layer": 8, "kv_head": 4, "k": 4, "eps": 0.1, "bound": 0.004087946894274351, "compromise_measured_total": 0.007090860709467973, "measured_min_total_code": "compromise", "own_excess": [0.0, 0.0, 0.0], "ratio_median": 1.2195834300897006}
{"layer": 8, "kv_head": 4, "k": 4, "eps": 0.2, "bound": 0.004087946894274351, "compromise_measured_total": 0.007143597768172953, "measured_min_total_code": "compromise", "own_excess": [0.0, 0.0, 0.0], "ratio_median": 1.2590246566731857}
{"layer": 8, "kv_head": 4, "k": 8, "eps": 0.02, "bound": 0.002553985122481138, "compromise_measured_total": 0.0014837488472930233, "measured_min_total_code": "compromise", "own_excess": [0.0, 0.0, 0.0], "ratio_median": 1.1930630907925976}
{"layer": 8, "kv_head": 4, "k": 8, "eps": 0.05, "bound": 0.002553985122481138, "compromise_measured_total": 0.0014846454056101645, "measured_min_total_code": "compromise", "own_excess": [0.0, 0.0, 0.0], "ratio_median": 1.1956497950736167}
{"layer": 8, "kv_head": 4, "k": 8, "eps": 0.1, "bound": 0.002553985122481138, "compromise_measured_total": 0.001487850686263396, "measured_min_total_code": "compromise", "own_excess": [0.0, 0.0, 0.0], "ratio_median": 1.2049202491707822}
{"layer": 8, "kv_head": 4, "k": 8, "eps": 0.2, "bound": 0.002553985122481138, "compromise_measured_total": 0.0015007233662270836, "measured_min_total_code": "compromise", "own_excess": [0.0, 0.0, 0.0], "ratio_median": 1.2379464073170834}
{"layer": 8, "kv_head": 5, "k": 2, "eps": 0.02, "bound": 0.003929634299121708, "compromise_measured_total": -0.0004918236236998719, "measured_min_total_code": "compromise", "own_excess": [0.169, 0.0, 0.058], "ratio_median": 0.7666859823084149}
{"layer": 8, "kv_head": 5, "k": 2, "eps": 0.05, "bound": 0.003929634299121708, "compromise_measured_total": -0.0004968410892514201, "measured_min_total_code": "compromise", "own_excess": [0.17, 0.0, 0.058], "ratio_median": 0.768287988162168}
{"layer": 8, "kv_head": 5, "k": 2, "eps": 0.1, "bound": 0.003929634299121708, "compromise_measured_total": -0.0005148932030874138, "measured_min_total_code": "compromise", "own_excess": [0.17, 0.0, 0.058], "ratio_median": 0.7740130974750411}
{"layer": 8, "kv_head": 5, "k": 2, "eps": 0.2, "bound": 0.003929634299121708, "compromise_measured_total": -0.0005891264744051807, "measured_min_total_code": "compromise", "own_excess": [0.174, 0.0, 0.058], "ratio_median": 0.7991725349792569}
{"layer": 8, "kv_head": 5, "k": 4, "eps": 0.02, "bound": 0.005104403704666555, "compromise_measured_total": 0.00450621184272981, "measured_min_total_code": "own_1", "own_excess": [0.075, 0.0, 0.0], "ratio_median": 0.8105095672702152}
{"layer": 8, "kv_head": 5, "k": 4, "eps": 0.05, "bound": 0.005104403704666555, "compromise_measured_total": 0.004511105324108643, "measured_min_total_code": "own_1", "own_excess": [0.075, 0.0, 0.0], "ratio_median": 0.8125320848493629}
{"layer": 8, "kv_head": 5, "k": 4, "eps": 0.1, "bound": 0.005104403704666555, "compromise_measured_total": 0.004528617069209987, "measured_min_total_code": "own_1", "own_excess": [0.075, 0.0, 0.0], "ratio_median": 0.8197659191002888}
{"layer": 8, "kv_head": 5, "k": 4, "eps": 0.2, "bound": 0.005104403704666555, "compromise_measured_total": 0.004599217785155379, "measured_min_total_code": "own_1", "own_excess": [0.075, 0.0, 0.0], "ratio_median": 0.8444610346340139}
{"layer": 8, "kv_head": 5, "k": 8, "eps": 0.02, "bound": 0.004661873466500495, "compromise_measured_total": 0.003650557099432596, "measured_min_total_code": "compromise", "own_excess": [0.0, 0.0, 0.0], "ratio_median": 0.8427189632969019}
{"layer": 8, "kv_head": 5, "k": 8, "eps": 0.05, "bound": 0.004661873466500495, "compromise_measured_total": 0.0036570168041229665, "measured_min_total_code": "compromise", "own_excess": [0.0, 0.0, 0.0], "ratio_median": 0.844232635052052}
{"layer": 8, "kv_head": 5, "k": 8, "eps": 0.1, "bound": 0.004661873466500495, "compromise_measured_total": 0.003680145100792024, "measured_min_total_code": "compromise", "own_excess": [0.0, 0.0, 0.0], "ratio_median": 0.8496447427681006}
{"layer": 8, "kv_head": 5, "k": 8, "eps": 0.2, "bound": 0.004661873466500495, "compromise_measured_total": 0.0037735533144302126, "measured_min_total_code": "compromise", "own_excess": [0.0, 0.0, 0.0], "ratio_median": 0.8687500687248517}
{"layer": 8, "kv_head": 6, "k": 2, "eps": 0.02, "bound": 0.0019035426647281833, "compromise_measured_total": 0.0016692415046880614, "measured_min_total_code": "compromise", "own_excess": [0.0, 0.029, 0.0], "ratio_median": 1.1979498525211936}
{"layer": 8, "kv_head": 6, "k": 2, "eps": 0.05, "bound": 0.0019035426647281833, "compromise_measured_total": 0.0016697339254528936, "measured_min_total_code": "compromise", "own_excess": [0.0, 0.029, 0.0], "ratio_median": 1.2037601516345724}
{"layer": 8, "kv_head": 6, "k": 2, "eps": 0.1, "bound": 0.0019035426647281833, "compromise_measured_total": 0.0016714763727972886, "measured_min_total_code": "compromise", "own_excess": [0.0, 0.029, 0.0], "ratio_median": 1.2246828576989048}
{"layer": 8, "kv_head": 6, "k": 2, "eps": 0.2, "bound": 0.0019035426647281833, "compromise_measured_total": 0.0016781946633289586, "measured_min_total_code": "compromise", "own_excess": [0.0, 0.029, 0.0], "ratio_median": 1.3092121562944623}
{"layer": 8, "kv_head": 6, "k": 4, "eps": 0.02, "bound": 0.001902369004302254, "compromise_measured_total": 0.0010929750615895194, "measured_min_total_code": "compromise", "own_excess": [0.0, 0.0, 0.0], "ratio_median": 1.1329432340313128}
{"layer": 8, "kv_head": 6, "k": 4, "eps": 0.05, "bound": 0.001902369004302254, "compromise_measured_total": 0.0010936396256270302, "measured_min_total_code": "compromise", "own_excess": [0.0, 0.0, 0.0], "ratio_median": 1.1383692611945126}
{"layer": 8, "kv_head": 6, "k": 4, "eps": 0.1, "bound": 0.001902369004302254, "compromise_measured_total": 0.0010960155168328444, "measured_min_total_code": "compromise", "own_excess": [0.0, 0.0, 0.0], "ratio_median": 1.1579066828015097}
{"layer": 8, "kv_head": 6, "k": 4, "eps": 0.2, "bound": 0.001902369004302254, "compromise_measured_total": 0.0011055574398104923, "measured_min_total_code": "compromise", "own_excess": [0.0, 0.0, 0.0], "ratio_median": 1.2385460730564608}
{"layer": 8, "kv_head": 6, "k": 8, "eps": 0.02, "bound": 0.0013572671485901355, "compromise_measured_total": 0.0014033617843726442, "measured_min_total_code": "compromise", "own_excess": [0.0, 0.0, 0.0], "ratio_median": 1.1672409256966494}
{"layer": 8, "kv_head": 6, "k": 8, "eps": 0.05, "bound": 0.0013572671485901355, "compromise_measured_total": 0.0014040469926137338, "measured_min_total_code": "compromise", "own_excess": [0.0, 0.0, 0.0], "ratio_median": 1.1720084165697324}
{"layer": 8, "kv_head": 6, "k": 8, "eps": 0.1, "bound": 0.0013572671485901355, "compromise_measured_total": 0.001406495918065554, "measured_min_total_code": "compromise", "own_excess": [0.0, 0.0, 0.0], "ratio_median": 1.1891512802141428}
{"layer": 8, "kv_head": 6, "k": 8, "eps": 0.2, "bound": 0.0013572671485901355, "compromise_measured_total": 0.0014163190449012137, "measured_min_total_code": "compromise", "own_excess": [0.0, 0.0, 0.0], "ratio_median": 1.2614754696725026}
{"layer": 8, "kv_head": 7, "k": 2, "eps": 0.02, "bound": 0.0015423189599910875, "compromise_measured_total": 0.0018046066532126327, "measured_min_total_code": "compromise", "own_excess": [0.0, 0.0, 0.0], "ratio_median": 0.7641613394139465}
{"layer": 8, "kv_head": 7, "k": 2, "eps": 0.05, "bound": 0.0015423189599910875, "compromise_measured_total": 0.0018068878871572887, "measured_min_total_code": "compromise", "own_excess": [0.0, 0.0, 0.0], "ratio_median": 0.7658205338380955}
{"layer": 8, "kv_head": 7, "k": 2, "eps": 0.1, "bound": 0.0015423189599910875, "compromise_measured_total": 0.0018150366967657856, "measured_min_total_code": "compromise", "own_excess": [0.0, 0.0, 0.0], "ratio_median": 0.7722117293521654}
{"layer": 8, "kv_head": 7, "k": 2, "eps": 0.2, "bound": 0.0015423189599910875, "compromise_measured_total": 0.0018476517334970605, "measured_min_total_code": "compromise", "own_excess": [0.0, 0.0, 0.0], "ratio_median": 0.7991868519861434}
{"layer": 8, "kv_head": 7, "k": 4, "eps": 0.02, "bound": 0.0022664989677035827, "compromise_measured_total": 0.00244664993085611, "measured_min_total_code": "compromise", "own_excess": [0.0, 0.0, 0.0], "ratio_median": 0.7717745909360622}
{"layer": 8, "kv_head": 7, "k": 4, "eps": 0.05, "bound": 0.0022664989677035827, "compromise_measured_total": 0.002449529312855516, "measured_min_total_code": "compromise", "own_excess": [0.0, 0.0, 0.0], "ratio_median": 0.7733033347682599}
{"layer": 8, "kv_head": 7, "k": 4, "eps": 0.1, "bound": 0.0022664989677035827, "compromise_measured_total": 0.0024598115164238925, "measured_min_total_code": "compromise", "own_excess": [0.0, 0.0, 0.0], "ratio_median": 0.7791754389818701}
{"layer": 8, "kv_head": 7, "k": 4, "eps": 0.2, "bound": 0.0022664989677035827, "compromise_measured_total": 0.0025009114298764597, "measured_min_total_code": "compromise", "own_excess": [0.0, 0.0, 0.0], "ratio_median": 0.8042187793281832}
{"layer": 8, "kv_head": 7, "k": 8, "eps": 0.02, "bound": 0.0023856935645026472, "compromise_measured_total": 0.0025760775065997756, "measured_min_total_code": "compromise", "own_excess": [0.0, 0.0, 0.0], "ratio_median": 0.782315951950869}
{"layer": 8, "kv_head": 7, "k": 8, "eps": 0.05, "bound": 0.0023856935645026472, "compromise_measured_total": 0.0025774065962074376, "measured_min_total_code": "compromise", "own_excess": [0.0, 0.0, 0.0], "ratio_median": 0.7840681335009935}
{"layer": 8, "kv_head": 7, "k": 8, "eps": 0.1, "bound": 0.0023856935645026472, "compromise_measured_total": 0.002582157281768806, "measured_min_total_code": "compromise", "own_excess": [0.0, 0.0, 0.0], "ratio_median": 0.7903471933939168}
{"layer": 8, "kv_head": 7, "k": 8, "eps": 0.2, "bound": 0.0023856935645026472, "compromise_measured_total": 0.0026012216224907746, "measured_min_total_code": "compromise", "own_excess": [0.0, 0.0, 0.0], "ratio_median": 0.8148130315083519}
{"layer": 16, "kv_head": 0, "k": 2, "eps": 0.02, "bound": 0.00045457923610541483, "compromise_measured_total": 0.00046645466729740943, "measured_min_total_code": "compromise", "own_excess": [0.0, 0.0, 0.0], "ratio_median": 1.1284437004979662}
{"layer": 16, "kv_head": 0, "k": 2, "eps": 0.05, "bound": 0.00045457923610541483, "compromise_measured_total": 0.00046711513012903357, "measured_min_total_code": "compromise", "own_excess": [0.0, 0.0, 0.0], "ratio_median": 1.1310979606766827}
{"layer": 16, "kv_head": 0, "k": 2, "eps": 0.1, "bound": 0.00045457923610541483, "compromise_measured_total": 0.00046947081160264754, "measured_min_total_code": "compromise", "own_excess": [0.0, 0.0, 0.0], "ratio_median": 1.1406083785369239}
{"layer": 16, "kv_head": 0, "k": 2, "eps": 0.2, "bound": 0.00045457923610541483, "compromise_measured_total": 0.0004788442042131277, "measured_min_total_code": "compromise", "own_excess": [0.0, 0.0, 0.0], "ratio_median": 1.1725729894860661}
{"layer": 16, "kv_head": 0, "k": 4, "eps": 0.02, "bound": 0.0006148565777334136, "compromise_measured_total": 0.0007141907322413522, "measured_min_total_code": "compromise", "own_excess": [0.0, 0.0, 0.0], "ratio_median": 1.0593108472461807}
{"layer": 16, "kv_head": 0, "k": 4, "eps": 0.05, "bound": 0.0006148565777334136, "compromise_measured_total": 0.0007151967873493341, "measured_min_total_code": "compromise", "own_excess": [0.0, 0.0, 0.0], "ratio_median": 1.060714593876246}
{"layer": 16, "kv_head": 0, "k": 4, "eps": 0.1, "bound": 0.0006148565777334136, "compromise_measured_total": 0.0007187998099326409, "measured_min_total_code": "compromise", "own_excess": [0.0, 0.0, 0.0], "ratio_median": 1.0657379188234637}
{"layer": 16, "kv_head": 0, "k": 4, "eps": 0.2, "bound": 0.0006148565777334136, "compromise_measured_total": 0.0007333685777058696, "measured_min_total_code": "compromise", "own_excess": [0.0, 0.0, 0.0], "ratio_median": 1.09672374025121}
{"layer": 16, "kv_head": 0, "k": 8, "eps": 0.02, "bound": 0.0007448716832322254, "compromise_measured_total": 0.0007047644178086913, "measured_min_total_code": "compromise", "own_excess": [0.0, 0.0, 0.0], "ratio_median": 1.0216768034375368}
{"layer": 16, "kv_head": 0, "k": 8, "eps": 0.05, "bound": 0.0007448716832322254, "compromise_measured_total": 0.000705010338833429, "measured_min_total_code": "compromise", "own_excess": [0.0, 0.0, 0.0], "ratio_median": 1.0229030343414176}
{"layer": 16, "kv_head": 0, "k": 8, "eps": 0.1, "bound": 0.0007448716832322254, "compromise_measured_total": 0.0007058888050739662, "measured_min_total_code": "compromise", "own_excess": [0.0, 0.0, 0.0], "ratio_median": 1.030265927103935}
{"layer": 16, "kv_head": 0, "k": 8, "eps": 0.2, "bound": 0.0007448716832322254, "compromise_measured_total": 0.0007094054599713195, "measured_min_total_code": "compromise", "own_excess": [0.0, 0.0, 0.0], "ratio_median": 1.0558721172448622}
{"layer": 16, "kv_head": 1, "k": 2, "eps": 0.02, "bound": 0.0032718913394291955, "compromise_measured_total": 0.0020809365264954282, "measured_min_total_code": "compromise", "own_excess": [0.0, 0.0, 0.0], "ratio_median": 0.6750407086856582}
{"layer": 16, "kv_head": 1, "k": 2, "eps": 0.05, "bound": 0.0032718913394291955, "compromise_measured_total": 0.002085966978007138, "measured_min_total_code": "compromise", "own_excess": [0.0, 0.0, 0.0], "ratio_median": 0.6766097601274872}
{"layer": 16, "kv_head": 1, "k": 2, "eps": 0.1, "bound": 0.0032718913394291955, "compromise_measured_total": 0.0021040361241784376, "measured_min_total_code": "compromise", "own_excess": [0.0, 0.0, 0.0], "ratio_median": 0.6822425882526281}
{"layer": 16, "kv_head": 1, "k": 2, "eps": 0.2, "bound": 0.0032718913394291955, "compromise_measured_total": 0.002177959021146281, "measured_min_total_code": "compromise", "own_excess": [0.0, 0.0, 0.0], "ratio_median": 0.7052348301454028}
{"layer": 16, "kv_head": 1, "k": 4, "eps": 0.02, "bound": 0.0018511255082705909, "compromise_measured_total": 0.001991411738522154, "measured_min_total_code": "compromise", "own_excess": [0.0, 0.0, 0.0], "ratio_median": 0.7154122980053664}
{"layer": 16, "kv_head": 1, "k": 4, "eps": 0.05, "bound": 0.0018511255082705909, "compromise_measured_total": 0.001994779463005637, "measured_min_total_code": "compromise", "own_excess": [0.0, 0.0, 0.0], "ratio_median": 0.7170425859541907}
{"layer": 16, "kv_head": 1, "k": 4, "eps": 0.1, "bound": 0.0018511255082705909, "compromise_measured_total": 0.0020068455748635497, "measured_min_total_code": "compromise", "own_excess": [0.0, 0.0, 0.0], "ratio_median": 0.7229023972266729}
{"layer": 16, "kv_head": 1, "k": 4, "eps": 0.2, "bound": 0.0018511255082705909, "compromise_measured_total": 0.002055719276823679, "measured_min_total_code": "compromise", "own_excess": [0.0, 0.0, 0.0], "ratio_median": 0.7456417874777387}
{"layer": 16, "kv_head": 1, "k": 8, "eps": 0.02, "bound": 0.0014935586813838789, "compromise_measured_total": 0.0010661719166806193, "measured_min_total_code": "compromise", "own_excess": [0.0, 0.0, 0.0], "ratio_median": 0.7696803291173799}
{"layer": 16, "kv_head": 1, "k": 8, "eps": 0.05, "bound": 0.0014935586813838789, "compromise_measured_total": 0.0010672459386464374, "measured_min_total_code": "compromise", "own_excess": [0.0, 0.0, 0.0], "ratio_median": 0.7708585617824781}
{"layer": 16, "kv_head": 1, "k": 8, "eps": 0.1, "bound": 0.0014935586813838789, "compromise_measured_total": 0.0010710930702926627, "measured_min_total_code": "compromise", "own_excess": [0.0, 0.0, 0.0], "ratio_median": 0.7750824689133562}
{"layer": 16, "kv_head": 1, "k": 8, "eps": 0.2, "bound": 0.0014935586813838789, "compromise_measured_total": 0.0010866611112002576, "measured_min_total_code": "compromise", "own_excess": [0.0, 0.0, 0.0], "ratio_median": 0.792230068873557}
{"layer": 16, "kv_head": 2, "k": 2, "eps": 0.02, "bound": 0.0012607236050976457, "compromise_measured_total": 0.0020362034485753495, "measured_min_total_code": "compromise", "own_excess": [0.0, 0.0, 0.0], "ratio_median": 1.0024123841491481}
{"layer": 16, "kv_head": 2, "k": 2, "eps": 0.05, "bound": 0.0012607236050976457, "compromise_measured_total": 0.002039834743155652, "measured_min_total_code": "compromise", "own_excess": [0.0, 0.0, 0.0], "ratio_median": 1.005049682661045}
{"layer": 16, "kv_head": 2, "k": 2, "eps": 0.1, "bound": 0.0012607236050976457, "compromise_measured_total": 0.00205283097194539, "measured_min_total_code": "compromise", "own_excess": [0.0, 0.0, 0.0], "ratio_median": 1.0145103664576531}
{"layer": 16, "kv_head": 2, "k": 2, "eps": 0.2, "bound": 0.0012607236050976457, "compromise_measured_total": 0.0021052437195263063, "measured_min_total_code": "compromise", "own_excess": [0.0, 0.0, 0.0], "ratio_median": 1.0487408194657801}
{"layer": 16, "kv_head": 2, "k": 4, "eps": 0.02, "bound": 0.0008501534973907772, "compromise_measured_total": 0.0014491702808498855, "measured_min_total_code": "compromise", "own_excess": [0.0, 0.0, 0.0], "ratio_median": 1.0141635587066098}
{"layer": 16, "kv_head": 2, "k": 4, "eps": 0.05, "bound": 0.0008501534973907772, "compromise_measured_total": 0.0014506077280622839, "measured_min_total_code": "compromise", "own_excess": [0.0, 0.0, 0.0], "ratio_median": 1.0165435729449759}
{"layer": 16, "kv_head": 2, "k": 4, "eps": 0.1, "bound": 0.0008501534973907772, "compromise_measured_total": 0.0014557444865592887, "measured_min_total_code": "compromise", "own_excess": [0.0, 0.0, 0.0], "ratio_median": 1.0251570265258056}
{"layer": 16, "kv_head": 2, "k": 4, "eps": 0.2, "bound": 0.0008501534973907772, "compromise_measured_total": 0.0014763384744106343, "measured_min_total_code": "compromise", "own_excess": [0.0, 0.0, 0.0], "ratio_median": 1.058646197509086}
{"layer": 16, "kv_head": 2, "k": 8, "eps": 0.02, "bound": 0.000943666326441054, "compromise_measured_total": 0.001037621507644318, "measured_min_total_code": "compromise", "own_excess": [0.0, 0.0, 0.0], "ratio_median": 1.0456998351300029}
{"layer": 16, "kv_head": 2, "k": 8, "eps": 0.05, "bound": 0.000943666326441054, "compromise_measured_total": 0.001038387506881989, "measured_min_total_code": "compromise", "own_excess": [0.0, 0.0, 0.0], "ratio_median": 1.0481323290463727}
{"layer": 16, "kv_head": 2, "k": 8, "eps": 0.1, "bound": 0.000943666326441054, "compromise_measured_total": 0.0010411272130262184, "measured_min_total_code": "compromise", "own_excess": [0.0, 0.0, 0.0], "ratio_median": 1.0568537498804949}
{"layer": 16, "kv_head": 2, "k": 8, "eps": 0.2, "bound": 0.000943666326441054, "compromise_measured_total": 0.0010521486471976704, "measured_min_total_code": "compromise", "own_excess": [0.0, 0.0, 0.0], "ratio_median": 1.0852439117277166}
{"layer": 16, "kv_head": 3, "k": 2, "eps": 0.02, "bound": 0.0010492633395516818, "compromise_measured_total": 0.0021403210986766542, "measured_min_total_code": "own_0", "own_excess": [0.0, 0.0, 0.0], "ratio_median": 0.9754143856950863}
{"layer": 16, "kv_head": 3, "k": 2, "eps": 0.05, "bound": 0.0010492633395516818, "compromise_measured_total": 0.0021411580296643307, "measured_min_total_code": "own_0", "own_excess": [0.0, 0.0, 0.0], "ratio_median": 0.9777274062544561}
{"layer": 16, "kv_head": 3, "k": 2, "eps": 0.1, "bound": 0.0010492633395516818, "compromise_measured_total": 0.002144123605151411, "measured_min_total_code": "own_0", "own_excess": [0.0, 0.0, 0.0], "ratio_median": 0.9860237097894058}
{"layer": 16, "kv_head": 3, "k": 2, "eps": 0.2, "bound": 0.0010492633395516818, "compromise_measured_total": 0.0021556160680657943, "measured_min_total_code": "own_0", "own_excess": [0.0, 0.0, 0.0], "ratio_median": 1.0163775693113661}
{"layer": 16, "kv_head": 3, "k": 4, "eps": 0.02, "bound": 0.0007879051832725588, "compromise_measured_total": -0.00011722761088832931, "measured_min_total_code": "compromise", "own_excess": [0.0, 0.0, 0.242], "ratio_median": 0.9551395182655715}
{"layer": 16, "kv_head": 3, "k": 4, "eps": 0.05, "bound": 0.0007879051832725588, "compromise_measured_total": -0.00011971518425622763, "measured_min_total_code": "compromise", "own_excess": [0.0, 0.0, 0.243], "ratio_median": 0.9578917160261478}
{"layer": 16, "kv_head": 3, "k": 4, "eps": 0.1, "bound": 0.0007879051832725588, "compromise_measured_total": -0.00012858990303082202, "measured_min_total_code": "compromise", "own_excess": [0.0, 0.0, 0.247], "ratio_median": 0.9651067770203621}
{"layer": 16, "kv_head": 3, "k": 4, "eps": 0.2, "bound": 0.0007879051832725588, "compromise_measured_total": -0.00016391184146413696, "measured_min_total_code": "compromise", "own_excess": [0.0, 0.0, 0.263], "ratio_median": 0.9928451649571592}
{"layer": 16, "kv_head": 3, "k": 8, "eps": 0.02, "bound": 0.0009586887253223257, "compromise_measured_total": 0.0018633774648362151, "measured_min_total_code": "own_0", "own_excess": [0.0, 0.0, 0.0], "ratio_median": 0.9644564007768838}
{"layer": 16, "kv_head": 3, "k": 8, "eps": 0.05, "bound": 0.0009586887253223257, "compromise_measured_total": 0.0018657427078094982, "measured_min_total_code": "own_0", "own_excess": [0.0, 0.0, 0.0], "ratio_median": 0.9662592008983074}
{"layer": 16, "kv_head": 3, "k": 8, "eps": 0.1, "bound": 0.0009586887253223257, "compromise_measured_total": 0.0018741965135835987, "measured_min_total_code": "own_0", "own_excess": [0.0, 0.0, 0.0], "ratio_median": 0.9727165228608268}
{"layer": 16, "kv_head": 3, "k": 8, "eps": 0.2, "bound": 0.0009586887253223257, "compromise_measured_total": 0.0019081103949259196, "measured_min_total_code": "own_0", "own_excess": [0.0, 0.0, 0.0], "ratio_median": 0.9971850188190978}
{"layer": 16, "kv_head": 4, "k": 2, "eps": 0.02, "bound": 0.01476540049988119, "compromise_measured_total": 0.002796647588064076, "measured_min_total_code": "compromise", "own_excess": [0.125, 0.0, 0.0], "ratio_median": 1.388863426254889}
{"layer": 16, "kv_head": 4, "k": 2, "eps": 0.05, "bound": 0.01476540049988119, "compromise_measured_total": 0.0027999430053118925, "measured_min_total_code": "compromise", "own_excess": [0.125, 0.0, 0.0], "ratio_median": 1.3910452272491}
{"layer": 16, "kv_head": 4, "k": 2, "eps": 0.1, "bound": 0.01476540049988119, "compromise_measured_total": 0.002808620050063739, "measured_min_total_code": "compromise", "own_excess": [0.125, 0.0, 0.0], "ratio_median": 1.3942388031986614}
{"layer": 16, "kv_head": 4, "k": 2, "eps": 0.2, "bound": 0.01476540049988119, "compromise_measured_total": 0.0027973748358968327, "measured_min_total_code": "compromise", "own_excess": [0.126, 0.0, 0.0], "ratio_median": 1.3934406641257309}
{"layer": 16, "kv_head": 4, "k": 4, "eps": 0.02, "bound": 0.01728740584786731, "compromise_measured_total": 0.01844128910016767, "measured_min_total_code": "own_1", "own_excess": [0.0, 0.0, 0.0], "ratio_median": 1.4454869100541234}
{"layer": 16, "kv_head": 4, "k": 4, "eps": 0.05, "bound": 0.01728740584786731, "compromise_measured_total": 0.018423378150115778, "measured_min_total_code": "own_1", "own_excess": [0.0, 0.0, 0.0], "ratio_median": 1.446561347654446}
{"layer": 16, "kv_head": 4, "k": 4, "eps": 0.1, "bound": 0.01728740584786731, "compromise_measured_total": 0.01835914118686564, "measured_min_total_code": "own_1", "own_excess": [0.0, 0.0, 0.0], "ratio_median": 1.4503402652926987}
{"layer": 16, "kv_head": 4, "k": 4, "eps": 0.2, "bound": 0.01728740584786731, "compromise_measured_total": 0.018098538037249565, "measured_min_total_code": "own_1", "own_excess": [0.0, 0.0, 0.0], "ratio_median": 1.4645984331916213}
{"layer": 16, "kv_head": 4, "k": 8, "eps": 0.02, "bound": 0.017156532912053463, "compromise_measured_total": 0.04869464779721323, "measured_min_total_code": "own_1", "own_excess": [0.0, 0.0, 0.0], "ratio_median": 1.286367902246782}
{"layer": 16, "kv_head": 4, "k": 8, "eps": 0.05, "bound": 0.017156532912053463, "compromise_measured_total": 0.04868008020170699, "measured_min_total_code": "own_1", "own_excess": [0.0, 0.0, 0.0], "ratio_median": 1.28722996100769}
{"layer": 16, "kv_head": 4, "k": 8, "eps": 0.1, "bound": 0.017156532912053463, "compromise_measured_total": 0.0486280900429754, "measured_min_total_code": "own_1", "own_excess": [0.0, 0.0, 0.0], "ratio_median": 1.292872098144437}
{"layer": 16, "kv_head": 4, "k": 8, "eps": 0.2, "bound": 0.017156532912053463, "compromise_measured_total": 0.048420792246301254, "measured_min_total_code": "own_1", "own_excess": [0.0, 0.0, 0.0], "ratio_median": 1.3108030850477417}
{"layer": 16, "kv_head": 5, "k": 2, "eps": 0.02, "bound": 0.001049964224490274, "compromise_measured_total": 0.0010624941830871754, "measured_min_total_code": "compromise", "own_excess": [0.0, 0.0, 0.0], "ratio_median": 0.959121790483212}
{"layer": 16, "kv_head": 5, "k": 2, "eps": 0.05, "bound": 0.001049964224490274, "compromise_measured_total": 0.0010640042786323432, "measured_min_total_code": "compromise", "own_excess": [0.0, 0.0, 0.0], "ratio_median": 0.9602753030459431}
{"layer": 16, "kv_head": 5, "k": 2, "eps": 0.1, "bound": 0.001049964224490274, "compromise_measured_total": 0.0010694096745304908, "measured_min_total_code": "compromise", "own_excess": [0.0, 0.0, 0.0], "ratio_median": 0.9645040628588742}
{"layer": 16, "kv_head": 5, "k": 2, "eps": 0.2, "bound": 0.001049964224490274, "compromise_measured_total": 0.0010912232611232412, "measured_min_total_code": "compromise", "own_excess": [0.0, 0.0, 0.0], "ratio_median": 0.9875948899849962}
{"layer": 16, "kv_head": 5, "k": 4, "eps": 0.02, "bound": 0.0009761413466776898, "compromise_measured_total": 0.0008871337801628814, "measured_min_total_code": "compromise", "own_excess": [0.0, 0.0, 0.0], "ratio_median": 0.9355507160484284}
{"layer": 16, "kv_head": 5, "k": 4, "eps": 0.05, "bound": 0.0009761413466776898, "compromise_measured_total": 0.0008877577164820016, "measured_min_total_code": "compromise", "own_excess": [0.0, 0.0, 0.0], "ratio_median": 0.9370674529768661}
{"layer": 16, "kv_head": 5, "k": 4, "eps": 0.1, "bound": 0.0009761413466776898, "compromise_measured_total": 0.0008899888082391019, "measured_min_total_code": "compromise", "own_excess": [0.0, 0.0, 0.0], "ratio_median": 0.9424998097779513}
{"layer": 16, "kv_head": 5, "k": 4, "eps": 0.2, "bound": 0.0009761413466776898, "compromise_measured_total": 0.0008989562842619504, "measured_min_total_code": "compromise", "own_excess": [0.0, 0.0, 0.0], "ratio_median": 0.9613593718680795}
{"layer": 16, "kv_head": 5, "k": 8, "eps": 0.02, "bound": 0.0007973654956517084, "compromise_measured_total": 0.0006527199457585944, "measured_min_total_code": "compromise", "own_excess": [0.0, 0.0, 0.0], "ratio_median": 0.9625590032000266}
{"layer": 16, "kv_head": 5, "k": 8, "eps": 0.05, "bound": 0.0007973654956517084, "compromise_measured_total": 0.0006529116563365626, "measured_min_total_code": "compromise", "own_excess": [0.0, 0.0, 0.0], "ratio_median": 0.9640514639633155}
{"layer": 16, "kv_head": 5, "k": 8, "eps": 0.1, "bound": 0.0007973654956517084, "compromise_measured_total": 0.0006535967157643203, "measured_min_total_code": "compromise", "own_excess": [0.0, 0.0, 0.0], "ratio_median": 0.9692465221795908}
{"layer": 16, "kv_head": 5, "k": 8, "eps": 0.2, "bound": 0.0007973654956517084, "compromise_measured_total": 0.0006563428833137072, "measured_min_total_code": "compromise", "own_excess": [0.0, 0.0, 0.0], "ratio_median": 0.9910379520949661}
{"layer": 16, "kv_head": 6, "k": 2, "eps": 0.02, "bound": 0.001813777143718609, "compromise_measured_total": 0.0011634195324447955, "measured_min_total_code": "own_1", "own_excess": [0.025, 0.0, 0.009], "ratio_median": 1.2302745476366201}
{"layer": 16, "kv_head": 6, "k": 2, "eps": 0.05, "bound": 0.001813777143718609, "compromise_measured_total": 0.0011610997833501036, "measured_min_total_code": "own_1", "own_excess": [0.025, 0.0, 0.008], "ratio_median": 1.2326011301814925}
{"layer": 16, "kv_head": 6, "k": 2, "eps": 0.1, "bound": 0.001813777143718609, "compromise_measured_total": 0.0011527640797946112, "measured_min_total_code": "own_1", "own_excess": [0.026, 0.0, 0.008], "ratio_median": 1.241586011849924}
{"layer": 16, "kv_head": 6, "k": 2, "eps": 0.2, "bound": 0.001813777143718609, "compromise_measured_total": 0.001118624474478159, "measured_min_total_code": "own_1", "own_excess": [0.028, 0.0, 0.005], "ratio_median": 1.2762448385789424}
{"layer": 16, "kv_head": 6, "k": 4, "eps": 0.02, "bound": 0.001666368974829635, "compromise_measured_total": 0.0008686681536166883, "measured_min_total_code": "compromise", "own_excess": [0.0, 0.0, 0.0], "ratio_median": 1.1278244276065723}
{"layer": 16, "kv_head": 6, "k": 4, "eps": 0.05, "bound": 0.001666368974829635, "compromise_measured_total": 0.0008710567242125105, "measured_min_total_code": "compromise", "own_excess": [0.0, 0.0, 0.0], "ratio_median": 1.1301009920269096}
{"layer": 16, "kv_head": 6, "k": 4, "eps": 0.1, "bound": 0.001666368974829635, "compromise_measured_total": 0.0008796323105156577, "measured_min_total_code": "compromise", "own_excess": [0.0, 0.0, 0.0], "ratio_median": 1.1385075456761014}
{"layer": 16, "kv_head": 6, "k": 4, "eps": 0.2, "bound": 0.001666368974829635, "compromise_measured_total": 0.0009146358752604041, "measured_min_total_code": "compromise", "own_excess": [0.0, 0.0, 0.0], "ratio_median": 1.1755430339248352}
{"layer": 16, "kv_head": 6, "k": 8, "eps": 0.02, "bound": 0.001645847360794525, "compromise_measured_total": 0.0015928232662800067, "measured_min_total_code": "compromise", "own_excess": [0.0, 0.0, 0.0], "ratio_median": 1.138307853733728}
{"layer": 16, "kv_head": 6, "k": 8, "eps": 0.05, "bound": 0.001645847360794525, "compromise_measured_total": 0.0015946110570262766, "measured_min_total_code": "compromise", "own_excess": [0.0, 0.0, 0.0], "ratio_median": 1.1407142674174646}
{"layer": 16, "kv_head": 6, "k": 8, "eps": 0.1, "bound": 0.001645847360794525, "compromise_measured_total": 0.0016010176923452286, "measured_min_total_code": "compromise", "own_excess": [0.0, 0.0, 0.0], "ratio_median": 1.149323893081201}
{"layer": 16, "kv_head": 6, "k": 8, "eps": 0.2, "bound": 0.001645847360794525, "compromise_measured_total": 0.001626985188302761, "measured_min_total_code": "compromise", "own_excess": [0.0, 0.0, 0.0], "ratio_median": 1.1839976010227036}
{"layer": 16, "kv_head": 7, "k": 2, "eps": 0.02, "bound": 0.001961774304972977, "compromise_measured_total": -0.00023198405669175347, "measured_min_total_code": "own_1", "own_excess": [0.03, 0.0, 0.109], "ratio_median": 1.3917034273333895}
{"layer": 16, "kv_head": 7, "k": 2, "eps": 0.05, "bound": 0.001961774304972977, "compromise_measured_total": -0.0002313820896359996, "measured_min_total_code": "own_1", "own_excess": [0.029, 0.0, 0.109], "ratio_median": 1.402826939374951}
{"layer": 16, "kv_head": 7, "k": 2, "eps": 0.1, "bound": 0.001961774304972977, "compromise_measured_total": -0.00022923060804876366, "measured_min_total_code": "own_1", "own_excess": [0.028, 0.0, 0.11], "ratio_median": 1.4416902450804754}
{"layer": 16, "kv_head": 7, "k": 2, "eps": 0.2, "bound": 0.001961774304972977, "compromise_measured_total": -0.00022060094051999223, "measured_min_total_code": "own_1", "own_excess": [0.025, 0.0, 0.112], "ratio_median": 1.5920665795678315}
{"layer": 16, "kv_head": 7, "k": 4, "eps": 0.02, "bound": 0.0018516315720226786, "compromise_measured_total": 0.0028176048618362617, "measured_min_total_code": "own_0", "own_excess": [0.0, 0.074, 0.0], "ratio_median": 1.370248370623633}
{"layer": 16, "kv_head": 7, "k": 4, "eps": 0.05, "bound": 0.0018516315720226786, "compromise_measured_total": 0.0028217248046723004, "measured_min_total_code": "own_0", "own_excess": [0.0, 0.074, 0.0], "ratio_median": 1.3770328635890277}
{"layer": 16, "kv_head": 7, "k": 4, "eps": 0.1, "bound": 0.0018516315720226786, "compromise_measured_total": 0.0028364388138185656, "measured_min_total_code": "own_0", "own_excess": [0.0, 0.075, 0.0], "ratio_median": 1.4011305797750213}
{"layer": 16, "kv_head": 7, "k": 4, "eps": 0.2, "bound": 0.0018516315720226786, "compromise_measured_total": 0.0028952734413602156, "measured_min_total_code": "own_0", "own_excess": [0.0, 0.077, 0.0], "ratio_median": 1.4911893376891854}
{"layer": 16, "kv_head": 7, "k": 8, "eps": 0.02, "bound": 0.0017419241660434695, "compromise_measured_total": 0.0010137333923665058, "measured_min_total_code": "compromise", "own_excess": [0.0, 0.122, 0.0], "ratio_median": 1.25894033860842}
{"layer": 16, "kv_head": 7, "k": 8, "eps": 0.05, "bound": 0.0017419241660434695, "compromise_measured_total": 0.0010138837155506393, "measured_min_total_code": "compromise", "own_excess": [0.0, 0.122, 0.0], "ratio_median": 1.2632919184081577}
{"layer": 16, "kv_head": 7, "k": 8, "eps": 0.1, "bound": 0.0017419241660434695, "compromise_measured_total": 0.0010144111812387066, "measured_min_total_code": "compromise", "own_excess": [0.0, 0.123, 0.0], "ratio_median": 1.2788649609750284}
{"layer": 16, "kv_head": 7, "k": 8, "eps": 0.2, "bound": 0.0017419241660434695, "compromise_measured_total": 0.001016370378057776, "measured_min_total_code": "compromise", "own_excess": [0.0, 0.128, 0.0], "ratio_median": 1.3476434281407481}
== run exit 0 Tue Sep  8 03:21:03 AM UTC 2026
   }
  }
 },
 "gate_reason": "P1 holds at no eps of the ladder at every rank; the quadratic model is not established, see diagnosis"
}
== RUN_DONE rc=0
