[start] 2026-09-20T13:32:50Z month=2026-08 code=aecf7d9
[sampled] 2026-09-20T14:46:50Z 845664 positions
[stage] 2026-09-20T14:47:10Z screen 845664 positions in 96 shards
[submit] 2026-09-20T15:30:32Z screen
[poll] 2026-09-20T16:18:38Z screen outputs=59 of 96 failed_jobs=0
[poll] 2026-09-20T16:21:41Z screen outputs=65 of 96 failed_jobs=0
[poll] 2026-09-20T16:24:43Z screen outputs=73 of 96 failed_jobs=0
[poll] 2026-09-20T16:27:45Z screen outputs=74 of 96 failed_jobs=0
[poll] 2026-09-20T16:30:48Z screen outputs=80 of 96 failed_jobs=0
[poll] 2026-09-20T16:33:51Z screen outputs=88 of 96 failed_jobs=0
[poll] 2026-09-20T16:36:54Z screen outputs=91 of 96 failed_jobs=0
[poll] 2026-09-20T16:39:58Z screen outputs=91 of 96 failed_jobs=0
[poll] 2026-09-20T16:43:01Z screen outputs=92 of 96 failed_jobs=0
[poll] 2026-09-20T16:46:12Z screen outputs=94 of 96 failed_jobs=0
[poll] 2026-09-20T16:49:14Z screen outputs=94 of 96 failed_jobs=0
[poll] 2026-09-20T16:52:17Z screen outputs=96 of 96 failed_jobs=0
[fetch] 2026-09-20T16:52:17Z screen
[fetched] 2026-09-20T16:54:10Z screen 845664 labels
[select] 2026-09-20T16:54:10Z 
[selected] 2026-09-20T16:54:28Z {"screened": 845664, "sent_to_deep": 146159, "share": 0.17283341847353087}
[stage] 2026-09-20T16:54:30Z deep 146159 positions in 96 shards
[submit] 2026-09-20T17:03:16Z deep
[poll] 2026-09-20T17:51:21Z deep outputs=7 of 96 failed_jobs=0
[poll] 2026-09-20T17:54:23Z deep outputs=8 of 96 failed_jobs=0
[poll] 2026-09-20T17:57:25Z deep outputs=12 of 96 failed_jobs=0
[poll] 2026-09-20T18:00:27Z deep outputs=13 of 96 failed_jobs=0
[poll] 2026-09-20T18:03:29Z deep outputs=16 of 96 failed_jobs=0
[poll] 2026-09-20T18:06:31Z deep outputs=23 of 96 failed_jobs=0
[poll] 2026-09-20T18:09:33Z deep outputs=26 of 96 failed_jobs=0
[poll] 2026-09-20T18:12:35Z deep outputs=31 of 96 failed_jobs=0
[poll] 2026-09-20T18:15:38Z deep outputs=39 of 96 failed_jobs=0
[poll] 2026-09-20T18:18:40Z deep outputs=47 of 96 failed_jobs=0
[poll] 2026-09-20T18:21:43Z deep outputs=52 of 96 failed_jobs=0
[poll] 2026-09-20T18:24:45Z deep outputs=53 of 96 failed_jobs=0
[poll] 2026-09-20T18:27:47Z deep outputs=55 of 96 failed_jobs=0
[poll] 2026-09-20T18:30:49Z deep outputs=60 of 96 failed_jobs=0
[poll] 2026-09-20T18:33:51Z deep outputs=66 of 96 failed_jobs=0
[poll] 2026-09-20T18:36:53Z deep outputs=69 of 96 failed_jobs=0
[poll] 2026-09-20T18:39:55Z deep outputs=72 of 96 failed_jobs=0
[poll] 2026-09-20T18:43:11Z deep outputs=73 of 96 failed_jobs=0
[poll] 2026-09-20T18:46:12Z deep outputs=76 of 96 failed_jobs=0
[poll] 2026-09-20T18:49:17Z deep outputs=79 of 96 failed_jobs=0
[poll] 2026-09-20T18:52:18Z deep outputs=81 of 96 failed_jobs=0
[poll] 2026-09-20T18:55:21Z deep outputs=82 of 96 failed_jobs=0
[poll] 2026-09-20T18:58:23Z deep outputs=82 of 96 failed_jobs=0
[poll] 2026-09-20T19:01:25Z deep outputs=82 of 96 failed_jobs=0
[poll] 2026-09-20T19:04:27Z deep outputs=86 of 96 failed_jobs=0
[poll] 2026-09-20T19:07:30Z deep outputs=88 of 96 failed_jobs=0
[poll] 2026-09-20T19:10:31Z deep outputs=89 of 96 failed_jobs=0
[poll] 2026-09-20T19:13:35Z deep outputs=90 of 96 failed_jobs=0
[poll] 2026-09-20T19:16:37Z deep outputs=91 of 96 failed_jobs=0
[poll] 2026-09-20T19:19:40Z deep outputs=92 of 96 failed_jobs=0
[poll] 2026-09-20T19:22:42Z deep outputs=94 of 96 failed_jobs=0
[poll] 2026-09-20T19:25:44Z deep outputs=94 of 96 failed_jobs=0
[poll] 2026-09-20T19:28:47Z deep outputs=95 of 96 failed_jobs=0
[poll] 2026-09-20T19:31:51Z deep outputs=95 of 96 failed_jobs=0
[poll] 2026-09-20T19:34:52Z deep outputs=95 of 96 failed_jobs=0
[poll] 2026-09-20T19:37:54Z deep outputs=95 of 96 failed_jobs=0
[poll] 2026-09-20T19:40:56Z deep outputs=95 of 96 failed_jobs=0
[poll] 2026-09-20T19:43:57Z deep outputs=95 of 96 failed_jobs=0
[poll] 2026-09-20T19:47:00Z deep outputs=95 of 96 failed_jobs=0
[poll] 2026-09-20T19:50:02Z deep outputs=96 of 96 failed_jobs=0
[fetch] 2026-09-20T19:50:02Z deep
[fetched] 2026-09-20T19:50:54Z deep 146159 labels
[grade] 2026-09-20T19:51:26Z 
[finished] 2026-09-20T20:56:29Z exit=0
